// Jest Snapshot v1, https://goo.gl/fbAQLP

exports[`BookcaseItem Render list as bookcaseItem 1`] = `
<section
  className="mt-5 mb-0 mt-md-4 mb-md-4 mb-lg-5   "
>
  <div
    className="caroContainer"
    onClick={[Function]}
  >
    <div
      className="bookswrap position-relative"
      style={
        Object {
          "backgroundImage": "url(/v1/image/77b1d110-de77-4c23-bcf0-af30988aac33/1438/800)",
        }
      }
    >
      <Pulse
        active={false}
        color="due"
        label="Blomstrende syrener"
        onClick={[Function]}
        position={
          Object {
            "x": 0,
            "y": 0,
          }
        }
      />
    </div>
    <div
      className="celeb"
    >
      <i
        className="material-icons carousel-close"
        onClick={[Function]}
      >
        clear
      </i>
      <div
        className="col-xs-12 celeb-top"
      >
        <div
          className="scrolltext"
        >
          <div
            className="innerscrollbox"
          >
            <div
              className="col-xs-12"
            >
              <p
                className="mb-0 Text Text__micro "
              >
                Test subtitle'
              </p>
            </div>
            <div
              className="col-xs-12"
            >
              <h1
                className=" Title Title__title3 "
              >
                Test: mytest title"
              </h1>
            </div>
            <div
              className="col-xs-12"
            >
              <p
                className="mt-3 Text Text__large "
              >
                Test lead
              </p>
            </div>
            <div
              className="col-xs-12 celeb-descript"
            >
              <p
                className=" Text Text__body "
              >
                <span
                  dangerouslySetInnerHTML={
                    Object {
                      "__html": "lorem ipsum",
                    }
                  }
                />
              </p>
            </div>
          </div>
        </div>
        <div
          className="col-xs-12"
        >
          <div
            className="celeb-link-btn"
            onClick={[Function]}
          >
            <span
              className="linktext"
            >
              url text test
            </span>
          </div>
        </div>
      </div>
      <div
        className="col-xs-12 celeb-bottom"
      >
        <CarouselSlider
          onNextBook={[Function]}
          slideIndex={null}
        >
          <div
            className="carousel-container "
          >
            <ConciseWork
              description="Tre kvinder oplever grusomme ting under 2. verdenskrig. elgørende organisationer bringer nogle af \\"forsøgskaninerne\\" til USA i 1950'erne"
              pid="870970-basis:54167830"
            />
          </div>
        </CarouselSlider>
      </div>
    </div>
  </div>
</section>
`;
