// Jest Snapshot v1, https://goo.gl/fbAQLP

exports[`Bookcase renders initial component 1`] = `
<div
  className="bookcase row"
>
  <BookcaseSlider
    celebs={
      Array [
        Object {
          "bookcase": "img/jd-bogreol.png",
          "books": Array [
            Object {
              "description": "lorem ipsum . . .",
              "pid": "870970-basis:52530423",
              "position": Object {
                "x": 13.5,
                "y": 40,
              },
            },
            Object {
              "description": "lorem ipsum . . .",
              "pid": "870970-basis:53079202",
              "position": Object {
                "x": 21.8,
                "y": 44,
              },
            },
          ],
          "description": "lorem ipsum",
          "id": "1",
          "img": "img/jd.png",
          "name": "John Doe",
        },
        Object {
          "bookcase": "img/jd-bogreol.png",
          "books": Array [
            Object {
              "description": "lorem ipsum . . .",
              "pid": "870970-basis:52530423",
              "position": Object {
                "x": 13.5,
                "y": 40,
              },
            },
            Object {
              "description": "lorem ipsum . . .",
              "pid": "870970-basis:53079202",
              "position": Object {
                "x": 21.8,
                "y": 44,
              },
            },
          ],
          "description": "lorem ipsum",
          "id": "2",
          "img": "img/jd.png",
          "name": "Jane Doe",
        },
      ]
    }
  >
    <BookcaseItem
      celeb={
        Object {
          "bookcase": "img/jd-bogreol.png",
          "books": Array [
            Object {
              "description": "lorem ipsum . . .",
              "pid": "870970-basis:52530423",
              "position": Object {
                "x": 13.5,
                "y": 40,
              },
            },
            Object {
              "description": "lorem ipsum . . .",
              "pid": "870970-basis:53079202",
              "position": Object {
                "x": 21.8,
                "y": 44,
              },
            },
          ],
          "description": "lorem ipsum",
          "id": "1",
          "img": "img/jd.png",
          "name": "John Doe",
        }
      }
    />
    <BookcaseItem
      celeb={
        Object {
          "bookcase": "img/jd-bogreol.png",
          "books": Array [
            Object {
              "description": "lorem ipsum . . .",
              "pid": "870970-basis:52530423",
              "position": Object {
                "x": 13.5,
                "y": 40,
              },
            },
            Object {
              "description": "lorem ipsum . . .",
              "pid": "870970-basis:53079202",
              "position": Object {
                "x": 21.8,
                "y": 44,
              },
            },
          ],
          "description": "lorem ipsum",
          "id": "2",
          "img": "img/jd.png",
          "name": "Jane Doe",
        }
      }
    />
  </BookcaseSlider>
  <div
    className="bookcase-others"
  >
    <span
      style={
        Object {
          "width": "290px",
        }
      }
    >
      Se andre bogreoler
    </span>
  </div>
</div>
`;
