// Jest Snapshot v1, https://goo.gl/fbAQLP

exports[`Slider renders initial component 1`] = `
<react-slick
  afterChange={[Function]}
  arrows={true}
  dots={true}
  dotsClass="slick-dots slick-dots-carousel"
  draggable={true}
  infinite={true}
  initialSlide={0}
  nextArrow={
    <NextArrow
      className="slick-next"
    />
  }
  prevArrow={
    <PrevArrow
      className="slick-prev"
    />
  }
  speed={500}
  variableWidth={false}
>
  <div
    className="slide-wrapper"
    style={
      Object {
        "display": "inline-block",
        "padding": 20,
        "verticalAlign": "top",
      }
    }
  >
    <h1>
      test
    </h1>
  </div>
  <div
    className="slide-wrapper"
    style={
      Object {
        "display": "inline-block",
        "padding": 20,
        "verticalAlign": "top",
      }
    }
  >
    <h1>
      test
    </h1>
  </div>
</react-slick>
`;
