// Jest Snapshot v1, https://goo.gl/fbAQLP

exports[`CarouselItem renders initial component 1`] = `
<div
  className="carousel-container "
>
  <div
    className="carousel"
  >
    <div
      className="col-xs-4 carousel-img"
    >
      <Link
        href="/værk/870970-basis:51642899"
      >
        <img
          alt=""
          className="high-contrast "
          onLoad={undefined}
          src="/default-book-cover.png"
          style={undefined}
        />
      </Link>
    </div>
    <div
      className="col-xs-8 text-left carousel-text"
    >
      <div
        className="col-xs-12 carousel-title"
      >
        <h1 />
      </div>
      <div
        className="col-xs-12 carousel-creator"
      >
        <Link
          href="/værk/870970-basis:51642899"
        >
          <h2>
            Anthony Doerr
          </h2>
        </Link>
      </div>
      <div
        className="col-xs-12 carousel-description"
      >
        <react-truncate-markup
          lines={6}
        >
          <p>
            lorem ipsum . . .
          </p>
        </react-truncate-markup>
      </div>
      <div
        className="col-xs-12"
      >
        <CheckmarkConnected
          book={
            Object {
              "book": Object {
                "creator": "Anthony Doerr",
                "description": "Roman nder 2. verdenskrig",
                "pid": "870970-basis:51642899",
                "titel": "Alt det lys vi ikke ser",
              },
            }
          }
          origin="Fra bogreol"
        />
      </div>
    </div>
    <div
      className="clear"
    />
  </div>
</div>
`;
