// Jest Snapshot v1, https://goo.gl/fbAQLP

exports[`ListItem renders initial component 1`] = `
<div
  className="list-item tl mb1"
>
  <Link
    className="list-image"
    href="/lister/some-id"
  >
    
  </Link>
  <div
    className="ml2"
    style={
      Object {
        "flexGrow": 1,
      }
    }
  >
    <Link
      className="link-dark"
      href="/lister/some-id"
    >
      some-title
    </Link>
  </div>
  <Link
    className="ml2"
    href="/lister/some-id"
  >
    <Link
      className="ml1 link-subtle inline"
      href="/lister/some-id"
    >
      Se listen
    </Link>
  </Link>
</div>
`;
