// Jest Snapshot v1, https://goo.gl/fbAQLP

exports[`SocialShareButton renders initial component 1`] = `
<button
  className="ssb undefined"
  style={
    Object {
      "backgroundColor": "#3b5998",
      "borderRadius": "50%",
      "fontSize": "16px",
      "height": "40px",
      "lineHeight": "40px",
      "paddingLeft": "0px",
      "paddingRight": "0px",
      "width": "40px",
    }
  }
  title="Del på facebook"
>
  <a
    href="https://www.facebook.com/sharer/sharer.php?display=page&u=https://content-first.demo.dbc.dk/lister/1234&ts=123456789"
    target="_blank"
  >
    <span
      style={
        Object {
          "fontWeight": "bold",
          "marginRight": "0px",
        }
      }
    >
      
    </span>
    <span
      className="glyphicon undefined"
    />
  </a>
</button>
`;
