// Jest Snapshot v1, https://goo.gl/fbAQLP

exports[`LoginModal renders function 1`] = `
<Modal
  className="login-modal"
  header="abc"
  hideCancel={true}
  hideConfirm={true}
  url="/v1/auth/login"
>
  <p>
    def
  </p>
  <div
    className="modal-window--buttons"
  >
    <button
      className="modal-window-login-btn
      button button__large button__quaternary   "
      data-cy=""
      disabled={false}
    >
      <span>
        Log ind
      </span>
    </button>
  </div>
  <p
    className="loginmodal-create-profile-text Text Text__small "
  >
    Har du ikke en profil? Du kan nemt oprette en profil med det login, du bruger på biblioteket.
     
    <a
      href="/v1/auth/login"
    >
      Opret en profil
    </a>
  </p>
</Modal>
`;
