// Jest Snapshot v1, https://goo.gl/fbAQLP

exports[`LoginModal renders function 1`] = `
<div
  className="modal-container login-modal-container"
>
  <div
    className="modal-backdrop"
    onClick={undefined}
  />
  <div
    className="modal-window text-left modal-narrow login-modal"
  >
    <div
      className="modal-window--header text-center"
    >
      <i
        className="material-icons modal-window--close-btn"
        onClick={undefined}
      >
        clear
      </i>
    </div>
    <div
      className="modal-window--content"
    >
      <h3>
        abc
      </h3>
      <p>
        def
      </p>
      <div
        className="modal-window--buttons text-center"
      >
        <span
          className="btn  modal-window-login-btn"
          onClick={undefined}
        >
          LOG IND
        </span>
      </div>
      <div
        className="loginmodal-create-profile-text"
      >
        <p>
          Har du ikke en profil? Du kan nemt oprette en profil med det login, du bruger på biblioteket.
           
          <a
            href="/v1/login"
          >
            Opret en profil
          </a>
        </p>
      </div>
    </div>
  </div>
</div>
`;
