// Jest Snapshot v1, https://goo.gl/fbAQLP

exports[`renders without crashing 1`] = `
<div
  className="App "
  style={
    Object {
      "backgroundColor": "var(--white)",
    }
  }
>
  <div>
    <header
      className="topbar collapsed"
      id="topbar"
    >
      <nav
        className="topbar__navigation"
      >
        <a
          className="link widthCalc link--no-hover"
          data-cy=""
          href="/"
          onClick={[Function]}
          style={Object {}}
          target="_self"
        >
          <div
            className="topbar__navigation--icon "
          >
            <img
              alt="logo"
              src="/img/general/dibliofigur.svg"
              type="image/svg+xml"
            />
          </div>
        </a>
        <span
          className="navigation-btn navigation-btn__search--bar widthCalc"
        >
          <i
            className="material-icons material-icons-search  "
            dangerouslySetInnerHTML={
              Object {
                "__html": "&#xE8B6;",
              }
            }
            data-unicoded="true"
            onClick={[Function]}
          />
          <span
            className="topbar__search-bar--container"
          >
            <span
              className="topbar__search-bar--wrap"
              style={
                Object {
                  "width": 0,
                }
              }
            >
              <div
                className="selected-filters-wrap text-left"
                id="selected-filters-wrap"
                onWheel={[Function]}
              >
                <div
                  className="suggestion-list tags-suggestion-list suggestion-list"
                  onClick={[Function]}
                >
                  <div
                    aria-expanded={false}
                    aria-haspopup="listbox"
                    aria-owns="react-autowhatever-1"
                    className="react-autosuggest__container"
                    role="combobox"
                  >
                    <input
                      aria-activedescendant={null}
                      aria-autocomplete="list"
                      aria-controls="react-autowhatever-1"
                      autoComplete="off"
                      className="form-control suggestion-list__search_fromTopbar"
                      data-cy="search-bar-input"
                      id="Searchbar__inputfield"
                      onBlur={[Function]}
                      onChange={[Function]}
                      onFocus={[Function]}
                      onKeyDown={[Function]}
                      onKeyPress={[Function]}
                      placeholder="Søg på stemning, sted eller stil…"
                      type="text"
                      value=""
                    />
                    <div
                      className="react-autosuggest__suggestions-container"
                      id="react-autowhatever-1"
                      role="listbox"
                    />
                  </div>
                </div>
                <i
                  className="material-icons material-icons-search d-md-none d-sm-inline-block "
                  dangerouslySetInnerHTML={
                    Object {
                      "__html": "&#xE8B6;",
                    }
                  }
                  data-unicoded="true"
                  onClick={[Function]}
                />
                <div
                  className="selected-filters"
                  id="selectedFilters"
                />
              </div>
            </span>
          </span>
          <span
            className="searchbar__cancel--btn hide"
            data-cy="topbar-search-btn"
            onClick={[Function]}
          >
            Søg
          </span>
        </span>
        <a
          className="link navigation-btn navigation-btn__search--btn link--no-hover"
          data-cy=""
          href="/find"
          onClick={[Function]}
          style={Object {}}
          target="_self"
        >
          <i
            className="material-icons material-icons-search  "
            dangerouslySetInnerHTML={
              Object {
                "__html": "&#xE8B6;",
              }
            }
            data-unicoded="true"
            onClick={[Function]}
          />
        </a>
        <a
          className="link navigation-btn navigation-btn__shortlist--btn widthCalc link--no-hover"
          data-cy=""
          href="/huskeliste"
          onClick={[Function]}
          style={Object {}}
          target="_self"
        >
          <i
            className="material-icons material-icons-bookmark_border  "
            dangerouslySetInnerHTML={
              Object {
                "__html": "&#xE867;",
              }
            }
            data-unicoded="true"
            onClick={[Function]}
          />
          <span>
            (0)
          </span>
        </a>
        <div
          className="navigation-btn navigation-btn__shortlist--dropdown widthCalc  top-bar-dropdown-list"
          data-cy="topbar-shortlist"
          onClick={[Function]}
        >
          <i
            className="material-icons material-icons-bookmark_border  "
            dangerouslySetInnerHTML={
              Object {
                "__html": "&#xE867;",
              }
            }
            data-unicoded="true"
            onClick={[Function]}
          />
          <span
            className="short-badge"
          >
            (0)
          </span>
        </div>
        <div
          className="top-bar-dropdown-list--content text-left
         slide-out
         empty-list"
        >
          <i
            className="material-icons top-bar-dropdown-list--close-btn"
            onClick={[Function]}
          >
            clear
          </i>
          <p
            className="tc Text Text__body Text__body--color-fersken--weight-semibold--transform-uppercase"
            style={
              Object {
                "marginBottom": "10px",
              }
            }
          >
            Huskeliste (0)
          </p>
          <div
            className="top-bar-dropdown-list--empty-text text-center "
          >
            Din huskeliste er tom
          </div>
          <div
            className="top-bar-dropdown-list--footer"
          >
            <div
              onClick={[Function]}
            >
              <button
                className="
      button button__medium button__tertiary   "
                data-cy="shortlist-dropdown-visit-shortlist"
                disabled={true}
              >
                <span>
                  Gå til huskeliste
                </span>
              </button>
            </div>
            <div
              onClick={[Function]}
            >
              <button
                className="
      button button__medium button__tertiary   "
                data-cy=""
                disabled={true}
              >
                <span>
                  Lån alle bøger
                </span>
              </button>
            </div>
          </div>
        </div>
        <a
          className="link navigation-btn navigation__login--link widthCalc link--no-hover"
          data-cy="topbar-login-btn"
          href="/v1/auth/login"
          onClick={[Function]}
          style={Object {}}
          target="_self"
        >
          <span>
            Log ind
          </span>
        </a>
        <div
          className="topbar__overlay"
        />
      </nav>
      <a
        className="link topbar__logo  link--no-hover"
        data-cy=""
        href="/"
        onClick={[Function]}
        style={Object {}}
        target="_self"
      >
        <object
          aria-labelledby="logo"
          data="/img/general/dibliofigur.svg"
          type="image/svg+xml"
        />
        <div>
          <h1
            className="topbar__logo-title Title Title__title4 Title__title4--weight-semibold"
          >
            Læsekompas
          </h1>
          <div
            className="logo-beta-wrap"
          >
            <p
              className="logo-beta-sign Text Text__micro "
            >
              SNEAK PEEK
            </p>
            <p
              className="logo-beta-link Text Text__small Text__small--decoration-underline"
              onClick={[Function]}
            >
              Læs mere
            </p>
          </div>
        </div>
      </a>
      <ul
        className="topbar__dropdown dropdown--dont-close hidden"
      >
        <li>
          <a
            className="link  link--no-hover"
            data-cy=""
            href="/profil/rediger"
            onClick={[Function]}
            style={Object {}}
            target="_self"
          >
            <span>
              Min profil
            </span>
          </a>
        </li>
        <li
          className="divider"
        />
        <li
          onClick={[Function]}
        >
          <span>
            Log ud
          </span>
        </li>
      </ul>
    </header>
    <div
      className="App__TopbarPlaceholder"
    />
  </div>
  <div
    id="scrollableArea"
  >
    <div
      className="frontpage"
    >
      <Hero />
      <react-visibility-sensor
        offset={
          Object {
            "bottom": -1000,
            "top": -1000,
          }
        }
        onChange={[Function]}
        partialVisibility={true}
      />
      <div />
      <ListsBelt
        limit={50}
        matomoTitle="Nyeste brugerlister"
        mount="frontpage-lists"
        sort="created"
        title={
          <span
            dangerouslySetInnerHTML={
              Object {
                "__html": "<strong>Nyeste</strong> brugerlister",
              }
            }
          />
        }
      />
      <react-visibility-sensor
        offset={
          Object {
            "bottom": -1000,
            "top": -1000,
          }
        }
        onChange={[Function]}
        partialVisibility={true}
      />
      <SpotsContainer />
      <div />
      <react-visibility-sensor
        offset={
          Object {
            "bottom": -1000,
            "top": -1000,
          }
        }
        onChange={[Function]}
        partialVisibility={true}
      />
    </div>
  </div>
  <span />
  <div
    className=" cookie-warning-container row "
  >
    <div
      className="cookie-warning-content-container"
    >
      <div
        className="cookie-warning-text-container"
      >
        <h5
          className=" Title Title__title5 "
        >
          Cookies på Læsekompas
        </h5>
        <p
          className="cookie-warning-body Text Text__body "
        >
          Vi bruger cookies for at kunne give dig en bedre brugeroplevelse. Når du klikker videre på siden, accepterer du dette.
          <br />
          Læs mere i 
          <span
            onClick={[Function]}
          >
            vores privatlivspolitik.
          </span>
        </p>
      </div>
      <div
        className="cookie-warning-button-container"
      >
        <button
          className="
      button button__medium button__primary button__primary--bgcolor-petroleum--color-white  "
          data-cy=""
          disabled={false}
          onClick={[Function]}
        >
          <span>
            ACCEPTER COOKIES
          </span>
        </button>
      </div>
    </div>
  </div>
  <div
    className="Toastify"
  />
  <div
    className="feedback-container"
  >
    <button
      className="Button__feedback
      button button__medium button__secondary   "
      data-cy=""
      disabled={false}
      onClick={[Function]}
    >
      <span>
        <i
          className="material-icons material-icons-chat_bubble_outline icon__feedback md-small "
          dangerouslySetInnerHTML={
            Object {
              "__html": "&#xE0CB;",
            }
          }
          data-unicoded="true"
          onClick={[Function]}
        />
        <span
          className="feedback-text"
        />
      </span>
    </button>
  </div>
  <Footer />
</div>
`;
