// Jest Snapshot v1, https://goo.gl/fbAQLP

exports[`renders without crashing 1`] = `
<div
  className="App container"
>
  <div>
    <div
      className="row topbar container"
    >
      <div
        className="col-xs-6 text-left header"
        onClick={[Function]}
      >
        <div>
          <img
            alt="logo"
            src="logo.svg"
          />
        </div>
        <div>
          <h1>
            Læsekompasset
          </h1>
        </div>
      </div>
      <div
        className="col-xs-6 text-right login"
      >
        <div
          className="inline"
        >
          <a
            className=""
            href="/filter"
            onClick={[Function]}
          >
            <i
              className="glyphicon glyphicon-search icon"
            />
          </a>
        </div>
        <div
          className="short-list"
        >
          <div
            className="short-list--btn"
            onClick={[Function]}
          >
            <img
              alt=""
              src="Huskeliste.svg"
              title="Huskeliste"
            />
          </div>
          <div
            className="short-list--content text-left slide-out"
          >
            <img
              alt="luk"
              className="short-list--close-btn"
              onClick={[Function]}
              src="Kryds.svg"
            />
            <div
              className="short-list--header"
            >
              HUSKELISTE
            </div>
            <div
              className="short-list--empty-text text-center"
            >
              Din huskeliste er tom
            </div>
            <div
              className="short-list--more-btn text-center"
            >
              <span
                className="btn btn-default text-center"
                onClick={[Function]}
              >
                SE HELE LISTEN
              </span>
            </div>
          </div>
        </div>
        <span
          onClick={[Function]}
        >
          Log ind
        </span>
      </div>
    </div>
    <div
      style={
        Object {
          "height": "50px",
        }
      }
    />
  </div>
  <div
    className="frontpage"
  >
    <Bookcase />
    <div
      className="belts col-xs-11 col-centered"
    >
      <BooksBelt
        tags={
          Array [
            100001,
            100003,
            5672,
            100005,
          ]
        }
        title="En god bog"
      />
      <BooksBelt
        tags={
          Array [
            5329,
            3510,
            5734,
            5731,
            5280,
            5277,
            2183,
            2278,
          ]
        }
        title="Mennesket og Naturen"
      />
      <BooksBelt
        tags={
          Array [
            1672,
            5734,
            5731,
            5699,
            5721,
            5696,
            5680,
            5691,
          ]
        }
        title="Familiens skyggesider"
      />
      <BooksBelt
        tags={
          Array [
            4927,
            5714,
            5713,
          ]
        }
        title="Tankevækkende Sci-fi"
      />
      <BooksBelt
        tags={
          Array [
            -2,
          ]
        }
        title="Bibliotekarens ugentlige anbefalinger"
      />
      <BooksBelt
        tags={
          Array [
            2683,
            5614,
            5624,
            5652,
            5717,
          ]
        }
        title="Krøllede fortællinger"
      />
      <BooksBelt
        tags={
          Array [
            5637,
            5654,
            5636,
            5731,
            5611,
          ]
        }
        title="Sofahygge"
      />
      <BooksBelt
        tags={
          Array [
            6131,
            5726,
            5730,
            5704,
            5705,
            5707,
            5708,
          ]
        }
        title="Tolkiensque"
      />
      <BooksBelt
        tags={
          Array [
            4044,
            4895,
            5149,
            5680,
            5700,
            5670,
            5676,
          ]
        }
        title="Gotisk uhygge"
      />
      <BooksBelt
        tags={
          Array [
            2683,
            4907,
            5368,
            5734,
            5731,
            5670,
            5676,
            5691,
          ]
        }
        title="Lokalkrimi"
      />
      <BooksBelt
        tags={
          Array [
            5028,
            5016,
            5149,
            4044,
            4074,
            5275,
            5282,
            189,
            5660,
            5661,
            5671,
          ]
        }
        title="Historisk romantik"
      />
      <BooksBelt
        tags={
          Array [
            4466,
            5731,
            3510,
            5626,
            5683,
            5630,
          ]
        }
        title="Vemodige nordmænd"
      />
      <div
        className="row belt text-left"
      >
        <div
          className="col-xs-12 header"
        >
          <span
            className="belt-title"
          >
            Seneste lister fra brugerne
          </span>
        </div>
        <div
          className="row mb4"
        >
          <div
            className="col-xs-12"
          >
            <slider />
          </div>
        </div>
      </div>
    </div>
  </div>
  <span />
</div>
`;
