// Jest Snapshot v1, https://goo.gl/fbAQLP

exports[`renders without crashing 1`] = `
<div
  className="App"
>
  <div>
    <header
      className="Topbar row"
    >
      <nav
        className="col-12 col-m-8 Topbar__navigation"
      >
        <span
          className="Topbar__navigation__btn widthCalc d-none d-md-flex"
          style={Object {}}
        >
          <i
            className="material-icons material-icons-search "
            onClick={[Function]}
          >
            search
          </i>
          <span
            className="relative--container"
          >
            <span
              className="Topbar__SearchBarWrapper"
              style={
                Object {
                  "width": 0,
                }
              }
            >
              <div
                className="selected-filters-wrap text-left"
                id="selected-filters-wrap"
                onWheel={[Function]}
              >
                <div
                  className="suggestion-list tags-suggestion-list suggestion-list input-visible"
                  onClick={[Function]}
                >
                  <div
                    aria-expanded={false}
                    aria-haspopup="listbox"
                    aria-owns="react-autowhatever-1"
                    className="react-autosuggest__container"
                    role="combobox"
                  >
                    <input
                      aria-activedescendant={null}
                      aria-autocomplete="list"
                      aria-controls="react-autowhatever-1"
                      autoComplete="off"
                      className="form-control suggestion-list__search "
                      data-cy="search-bar-input"
                      id="Searchbar__inputfield"
                      onBlur={[Function]}
                      onChange={[Function]}
                      onFocus={[Function]}
                      onKeyDown={[Function]}
                      placeholder="Søg på stemning, sted eller stil..."
                      type="search"
                      value=""
                    />
                    <div
                      className="react-autosuggest__suggestions-container"
                      id="react-autowhatever-1"
                      role="listbox"
                    />
                  </div>
                </div>
                <i
                  className="material-icons material-icons-search md-large d-md-none d-sm-inline-block"
                  onClick={[Function]}
                >
                  search
                </i>
                <div
                  className="selected-filters"
                />
              </div>
            </span>
          </span>
          <span
            data-cy="topbar-search-btn"
            onClick={[Function]}
          >
            Søg
          </span>
        </span>
        <a
          className="Topbar__navigation__btn d-i-block d-md-none"
          data-cy=""
          href="/find"
          onClick={[Function]}
        >
          <i
            className="material-icons material-icons-search "
            onClick={[Function]}
          >
            search
          </i>
        </a>
        <a
          className="Topbar__navigation__btn d-flex d-md-none widthCalc"
          data-cy=""
          href="/huskeliste"
          onClick={[Function]}
        >
          <i
            className="material-icons material-icons-bookmark_border "
          >
            bookmark_border
          </i>
          <span
            className="short-badge"
            style={
              Object {
                "marginLeft": "-9px",
                "padding": 0,
              }
            }
          >
            (0)
          </span>
        </a>
        <div
          className="Topbar__navigation__btn d-none d-md-flex widthCalc  top-bar-dropdown-list"
          data-cy="topbar-shortlist"
          onClick={[Function]}
        >
          <i
            className="material-icons material-icons-bookmark_border "
          >
            bookmark_border
          </i>
          <span
            className="short-badge"
          >
            (0)
          </span>
        </div>
        <div
          className="top-bar-dropdown-list--content text-left
                 slide-out
                 empty-list"
        >
          <i
            className="material-icons top-bar-dropdown-list--close-btn"
            onClick={[Function]}
          >
            clear
          </i>
          <a
            className="list-card-nohover"
            data-cy=""
            href="/huskeliste"
            onClick={[Function]}
          >
            <p
              className="tc Text Text__body Text__body--color-fersken--weight-semibold--transform-uppercase"
            >
              Huskeliste (0)
            </p>
          </a>
          <div
            className="top-bar-dropdown-list--empty-text text-center "
          >
            Din huskeliste er tom
          </div>
          <div
            className="top-bar-dropdown-list--footer"
          >
            <div
              onClick={[Function]}
            >
              <button
                className="
                    btn Button Button__medium Button__tertiary "
                data-cy="shortlist-dropdown-visit-shortlist"
                disabled={false}
              >
                Gå til huskeliste
              </button>
            </div>
            <div
              onClick={[Function]}
            >
              <button
                className="
                    btn Button Button__medium Button__tertiary "
                data-cy=""
                disabled={false}
              >
                Bestil hele listen
              </button>
            </div>
          </div>
        </div>
        <a
          className="Topbar__navigation__btn widthCalc"
          data-cy="topbar-login-btn"
          href="/v1/auth/login"
          onClick={[Function]}
        >
          <span>
            Log ind
          </span>
        </a>
        <div
          className="Topbar__overlay"
        />
      </nav>
      <a
        className="Topbar__logo "
        data-cy=""
        href="/"
        onClick={[Function]}
      >
        <div
          className="d-block d-sm-none d-inline-flex"
        >
          <object
            data="/img/general/dibliofigur.svg"
            style={
              Object {
                "height": "28px",
                "marginRight": "7px",
                "marginTop": "1px",
                "pointer-events": "none",
              }
            }
            type="image/svg+xml"
          />
          <div>
            <p
              className="m-0 Text Text__large "
              style={
                Object {
                  "lineHeight": "1.25rem",
                }
              }
            >
              Læsekompas
            </p>
            <p
              className="logo-beta-sign mb-0 Text Text__micro "
            >
              BETA
            </p>
          </div>
        </div>
        <div
          className="d-none d-sm-block"
        >
          <div
            className="d-inline-flex"
          >
            <object
              data="/img/general/dibliofigur.svg"
              style={
                Object {
                  "height": "28px",
                  "marginRight": "7px",
                  "marginTop": "6px",
                  "pointer-events": "none",
                }
              }
              type="image/svg+xml"
            />
            <div>
              <h1
                className="mb-0 Title Title__title4 "
              >
                Læsekompas
              </h1>
              <div
                className="logo-beta-wrap d-flex position-relative"
              >
                <p
                  className="logo-beta-sign mb-0 Text Text__micro "
                >
                  BETA
                </p>
                <div
                  className="d-inline-flex"
                >
                  <div
                    className="d-none d-sm-inline logo-beta-text Text__small"
                  >
                    <p
                      className="d-inline logo-beta-link mb0 Text Text__small Text__small--decoration-underline"
                      onClick={[Function]}
                    >
                      Læs mere
                    </p>
                  </div>
                </div>
              </div>
            </div>
          </div>
        </div>
      </a>
      <ul
        className="Topbar__dropdown abort-closeDopdown Topbar__dropdown__hidden"
      >
        <div
          className="Topbar__dropdown__caret"
        />
        <li>
          <a
            className="list-card-nohover"
            data-cy=""
            href="/profile"
            onClick={[Function]}
          >
            <span>
              Min profil
            </span>
          </a>
        </li>
        <li
          className="d-block d-sm-none"
        >
          <a
            className="list-card-nohover"
            data-cy=""
            href="/profile"
            onClick={[Function]}
          >
            <span>
              Lister
            </span>
          </a>
        </li>
        <li
          className="divider"
        />
        <li
          onClick={[Function]}
        >
          <span>
            Log ud
          </span>
        </li>
      </ul>
    </header>
    <div
      className="App__TopbarPlaceholder"
    />
  </div>
  <div
    className="frontpage"
  >
    <Hero />
    <div
      className="container"
    >
      <div
        className="belts col-12"
      >
        <BooksBelt
          belt={
            Object {
              "_created": 999999999999,
              "child": false,
              "key": "Bedste forslag",
              "name": "Bedste forslag",
              "onFrontPage": true,
              "type": "belt",
            }
          }
          id="Bedste forslag"
        />
        <BooksBelt
          belt={
            Object {
              "child": false,
              "isLoading": false,
              "key": "Vemodige nordmænd",
              "links": Array [],
              "name": "Vemodige nordmænd",
              "onFrontPage": true,
              "subtext": "Når du har lyst til at tænke over livet - også det svære og sårbare.",
              "tags": Array [
                Object {
                  "id": 4466,
                  "weight": 10,
                },
                5731,
                3510,
                5626,
                5683,
                5630,
              ],
              "type": "belt",
            }
          }
          id="Vemodige nordmænd"
        />
        <BooksBelt
          belt={
            Object {
              "child": false,
              "isLoading": false,
              "key": "Mennesket og Naturen",
              "links": Array [],
              "name": "Mennesket og Naturen",
              "onFrontPage": true,
              "subtext": "Menneskers identitet bliver sat i spil, når de forlader hverdagen og møder naturen.",
              "tags": Array [
                Object {
                  "id": 5329,
                  "weight": 10,
                },
                Object {
                  "id": 3510,
                  "weight": 10,
                },
                5731,
                5280,
                5277,
                2183,
                2278,
              ],
              "type": "belt",
            }
          }
          id="Mennesket og Naturen"
        />
        <BooksBelt
          belt={
            Object {
              "child": false,
              "isLoading": false,
              "key": "Familiens skyggesider",
              "links": Array [],
              "name": "Familiens skyggesider",
              "onFrontPage": true,
              "subtext": "Hjemme er ikke altid bedst. Når det ubehagelige og utænkelige folder sig ud inden for hjemmets 4 vægge.",
              "tags": Array [
                Object {
                  "id": 1672,
                  "weight": 10,
                },
                Object {
                  "id": 5731,
                  "weight": 10,
                },
                5699,
                5721,
                5696,
                5680,
                Object {
                  "id": 5691,
                  "weight": 10,
                },
              ],
              "type": "belt",
            }
          }
          id="Familiens skyggesider"
        />
      </div>
    </div>
    <SpotsContainer />
    <div
      className="container"
    >
      <div
        className="belts col-12"
      >
        <BooksBelt
          belt={
            Object {
              "child": false,
              "isLoading": false,
              "key": "Krøllede fortællinger",
              "links": Array [],
              "name": "Krøllede fortællinger",
              "onFrontPage": true,
              "subtext": "Skarpsindige betragtninger og satiriske vrid på samfundsordnen. Historier der ikke altid lander blidt.",
              "tags": Array [
                Object {
                  "id": 2683,
                  "weight": 10,
                },
                Object {
                  "id": 5614,
                  "weight": 10,
                },
                5624,
                5652,
                5717,
              ],
              "type": "belt",
            }
          }
          id="Krøllede fortællinger"
        />
      </div>
    </div>
    <div
      className="d-flex bookcase-skeleton position-relative justify-content-center lys-graa mb-5"
    >
      <span
        className="spinner mt-5"
        style={
          Object {
            "borderTopColor": null,
            "display": "inline-block",
            "height": "30px",
            "width": "30px",
          }
        }
      />
    </div>
    <div
      className="container"
    >
      <div
        className="belts col-12"
      >
        <BooksBelt
          belt={
            Object {
              "child": false,
              "isLoading": false,
              "key": "Sofahygge",
              "links": Array [],
              "name": "Sofahygge",
              "onFrontPage": true,
              "subtext": "Hent teen, tænd stearinlyset og så op med fødderne og på med plaiden.",
              "tags": Array [
                Object {
                  "id": 5637,
                  "weight": 10,
                },
                5654,
                5636,
                5731,
                Object {
                  "id": 5611,
                  "weight": 10,
                },
              ],
              "type": "belt",
            }
          }
          id="Sofahygge"
        />
        <BooksBelt
          belt={
            Object {
              "child": false,
              "isLoading": false,
              "key": "Tolkienesque",
              "links": Array [],
              "name": "Tolkienesque",
              "onFrontPage": true,
              "subtext": "De store eventyr og udfordringer venter i en anden verden, hvor magiske kræfter og overnaturlige væsner prøver hinanden af.",
              "tags": Array [
                Object {
                  "id": 6131,
                  "weight": 10,
                },
                5726,
                5730,
                5704,
                5705,
                Object {
                  "id": 5707,
                  "weight": 10,
                },
                5708,
              ],
              "type": "belt",
            }
          }
          id="Tolkienesque"
        />
        <BooksBelt
          belt={
            Object {
              "child": false,
              "isLoading": false,
              "key": "Det var en mørk og stormfuld nat",
              "links": Array [],
              "name": "Det var en mørk og stormfuld nat",
              "onFrontPage": true,
              "subtext": "Det er koldt, det stormer, hemmelighederne hober sig op, og du har svært ved at adskille virkelighed og mareridt.",
              "tags": Array [
                4044,
                Object {
                  "id": 4895,
                  "weight": 10,
                },
                5149,
                5680,
                Object {
                  "id": 5700,
                  "weight": 10,
                },
                5670,
                5676,
              ],
              "type": "belt",
            }
          }
          id="Det var en mørk og stormfuld nat"
        />
        <BooksBelt
          belt={
            Object {
              "child": false,
              "isLoading": false,
              "key": "Hvad sker der bag hækken?",
              "links": Array [],
              "name": "Hvad sker der bag hækken?",
              "onFrontPage": true,
              "subtext": "Lokalsamfundets furer og revner. Det starter der, hvor tingene begynder at gå skævt og får fatale følger.",
              "tags": Array [
                2683,
                Object {
                  "id": 4907,
                  "weight": 10,
                },
                Object {
                  "id": 5368,
                  "weight": 10,
                },
                5731,
                5670,
                5676,
                5691,
              ],
              "type": "belt",
            }
          }
          id="Hvad sker der bag hækken?"
        />
        <BooksBelt
          belt={
            Object {
              "child": false,
              "isLoading": false,
              "key": "Historiske romaner",
              "links": Array [],
              "name": "Historiske romaner",
              "onFrontPage": true,
              "subtext": "Hensat til en anden tid får de store følelser lov at folde sig ud. Er man uheldig sætter de sociale spilleregler grænser for hjertets begær.",
              "tags": Array [
                Object {
                  "id": 4901,
                  "weight": 10,
                },
                5660,
                5658,
                189,
              ],
              "type": "belt",
            }
          }
          id="Historiske romaner"
        />
        <BooksBelt
          belt={
            Object {
              "child": false,
              "isLoading": false,
              "key": "Tankevækkende Sci-fi",
              "links": Array [],
              "name": "Tankevækkende fremtidsvisioner",
              "onFrontPage": true,
              "subtext": "Udforskning af filosofiske spørgsmål og anledning til refleksion gennem andre universer - også dem der ligner vores.",
              "tags": Array [
                Object {
                  "id": 4995,
                  "weight": 10,
                },
                4927,
                5714,
                5713,
              ],
              "type": "belt",
            }
          }
          id="Tankevækkende Sci-fi"
        />
      </div>
    </div>
    <div
      className="container"
    >
      <div
        className="belts col-12"
      >
        <react-visibility-sensor
          onChange={[Function]}
          partialVisibility={true}
        >
          <div
            className="belt text-left row mt-5 mt-sm-4"
          >
            <div
              className="p-0 col-12"
            >
              <div
                className="row header"
              >
                <h1
                  className="inline pr2 pb0 pt0 pb-sm-1 pt-sm-1 ml1 mr1 mb0 Title Title__title4 Title__title4--transform-uppercase"
                >
                  <strong>
                    Nyeste
                  </strong>
                   Lister
                </h1>
              </div>
              <div
                className="mb0 mt2"
              >
                <slider>
                  <div
                    className="ListCard__skeleton pt1 mr1 ml1 "
                  >
                    <div
                      className="ListCard__skeleton__cover"
                    />
                    <div
                      className="Skeleton__text "
                      style={undefined}
                    >
                      <div
                        className="Skeleton__text__line"
                        style={
                          Object {
                            "backgroundColor": "#e9eaeb",
                          }
                        }
                      />
                      <div
                        className="Skeleton__text__line"
                        style={
                          Object {
                            "backgroundColor": "#e9eaeb",
                          }
                        }
                      />
                      <div
                        className="Skeleton__text__line"
                        style={
                          Object {
                            "backgroundColor": "#e9eaeb",
                          }
                        }
                      />
                    </div>
                    <div
                      className="Skeleton__user__wrap "
                      style={
                        Object {
                          "marginTop": "20px",
                        }
                      }
                    >
                      <span
                        className="Skeleton__user "
                      />
                      <div
                        className="Skeleton__text Skeleton__user__name"
                        style={undefined}
                      >
                        <div
                          className="Skeleton__text__line"
                          style={
                            Object {
                              "backgroundColor": "#e9eaeb",
                            }
                          }
                        />
                      </div>
                    </div>
                  </div>
                  <div
                    className="ListCard__skeleton pt1 mr1 ml1 "
                  >
                    <div
                      className="ListCard__skeleton__cover"
                    />
                    <div
                      className="Skeleton__text "
                      style={undefined}
                    >
                      <div
                        className="Skeleton__text__line"
                        style={
                          Object {
                            "backgroundColor": "#e9eaeb",
                          }
                        }
                      />
                      <div
                        className="Skeleton__text__line"
                        style={
                          Object {
                            "backgroundColor": "#e9eaeb",
                          }
                        }
                      />
                      <div
                        className="Skeleton__text__line"
                        style={
                          Object {
                            "backgroundColor": "#e9eaeb",
                          }
                        }
                      />
                    </div>
                    <div
                      className="Skeleton__user__wrap "
                      style={
                        Object {
                          "marginTop": "20px",
                        }
                      }
                    >
                      <span
                        className="Skeleton__user "
                      />
                      <div
                        className="Skeleton__text Skeleton__user__name"
                        style={undefined}
                      >
                        <div
                          className="Skeleton__text__line"
                          style={
                            Object {
                              "backgroundColor": "#e9eaeb",
                            }
                          }
                        />
                      </div>
                    </div>
                  </div>
                  <div
                    className="ListCard__skeleton pt1 mr1 ml1 "
                  >
                    <div
                      className="ListCard__skeleton__cover"
                    />
                    <div
                      className="Skeleton__text "
                      style={undefined}
                    >
                      <div
                        className="Skeleton__text__line"
                        style={
                          Object {
                            "backgroundColor": "#e9eaeb",
                          }
                        }
                      />
                      <div
                        className="Skeleton__text__line"
                        style={
                          Object {
                            "backgroundColor": "#e9eaeb",
                          }
                        }
                      />
                      <div
                        className="Skeleton__text__line"
                        style={
                          Object {
                            "backgroundColor": "#e9eaeb",
                          }
                        }
                      />
                    </div>
                    <div
                      className="Skeleton__user__wrap "
                      style={
                        Object {
                          "marginTop": "20px",
                        }
                      }
                    >
                      <span
                        className="Skeleton__user "
                      />
                      <div
                        className="Skeleton__text Skeleton__user__name"
                        style={undefined}
                      >
                        <div
                          className="Skeleton__text__line"
                          style={
                            Object {
                              "backgroundColor": "#e9eaeb",
                            }
                          }
                        />
                      </div>
                    </div>
                  </div>
                  <div
                    className="ListCard__skeleton pt1 mr1 ml1 "
                  >
                    <div
                      className="ListCard__skeleton__cover"
                    />
                    <div
                      className="Skeleton__text "
                      style={undefined}
                    >
                      <div
                        className="Skeleton__text__line"
                        style={
                          Object {
                            "backgroundColor": "#e9eaeb",
                          }
                        }
                      />
                      <div
                        className="Skeleton__text__line"
                        style={
                          Object {
                            "backgroundColor": "#e9eaeb",
                          }
                        }
                      />
                      <div
                        className="Skeleton__text__line"
                        style={
                          Object {
                            "backgroundColor": "#e9eaeb",
                          }
                        }
                      />
                    </div>
                    <div
                      className="Skeleton__user__wrap "
                      style={
                        Object {
                          "marginTop": "20px",
                        }
                      }
                    >
                      <span
                        className="Skeleton__user "
                      />
                      <div
                        className="Skeleton__text Skeleton__user__name"
                        style={undefined}
                      >
                        <div
                          className="Skeleton__text__line"
                          style={
                            Object {
                              "backgroundColor": "#e9eaeb",
                            }
                          }
                        />
                      </div>
                    </div>
                  </div>
                  <div
                    className="ListCard__skeleton pt1 mr1 ml1 "
                  >
                    <div
                      className="ListCard__skeleton__cover"
                    />
                    <div
                      className="Skeleton__text "
                      style={undefined}
                    >
                      <div
                        className="Skeleton__text__line"
                        style={
                          Object {
                            "backgroundColor": "#e9eaeb",
                          }
                        }
                      />
                      <div
                        className="Skeleton__text__line"
                        style={
                          Object {
                            "backgroundColor": "#e9eaeb",
                          }
                        }
                      />
                      <div
                        className="Skeleton__text__line"
                        style={
                          Object {
                            "backgroundColor": "#e9eaeb",
                          }
                        }
                      />
                    </div>
                    <div
                      className="Skeleton__user__wrap "
                      style={
                        Object {
                          "marginTop": "20px",
                        }
                      }
                    >
                      <span
                        className="Skeleton__user "
                      />
                      <div
                        className="Skeleton__text Skeleton__user__name"
                        style={undefined}
                      >
                        <div
                          className="Skeleton__text__line"
                          style={
                            Object {
                              "backgroundColor": "#e9eaeb",
                            }
                          }
                        />
                      </div>
                    </div>
                  </div>
                  <div
                    className="ListCard__skeleton pt1 mr1 ml1 "
                  >
                    <div
                      className="ListCard__skeleton__cover"
                    />
                    <div
                      className="Skeleton__text "
                      style={undefined}
                    >
                      <div
                        className="Skeleton__text__line"
                        style={
                          Object {
                            "backgroundColor": "#e9eaeb",
                          }
                        }
                      />
                      <div
                        className="Skeleton__text__line"
                        style={
                          Object {
                            "backgroundColor": "#e9eaeb",
                          }
                        }
                      />
                      <div
                        className="Skeleton__text__line"
                        style={
                          Object {
                            "backgroundColor": "#e9eaeb",
                          }
                        }
                      />
                    </div>
                    <div
                      className="Skeleton__user__wrap "
                      style={
                        Object {
                          "marginTop": "20px",
                        }
                      }
                    >
                      <span
                        className="Skeleton__user "
                      />
                      <div
                        className="Skeleton__text Skeleton__user__name"
                        style={undefined}
                      >
                        <div
                          className="Skeleton__text__line"
                          style={
                            Object {
                              "backgroundColor": "#e9eaeb",
                            }
                          }
                        />
                      </div>
                    </div>
                  </div>
                  <div
                    className="ListCard__skeleton pt1 mr1 ml1 "
                  >
                    <div
                      className="ListCard__skeleton__cover"
                    />
                    <div
                      className="Skeleton__text "
                      style={undefined}
                    >
                      <div
                        className="Skeleton__text__line"
                        style={
                          Object {
                            "backgroundColor": "#e9eaeb",
                          }
                        }
                      />
                      <div
                        className="Skeleton__text__line"
                        style={
                          Object {
                            "backgroundColor": "#e9eaeb",
                          }
                        }
                      />
                      <div
                        className="Skeleton__text__line"
                        style={
                          Object {
                            "backgroundColor": "#e9eaeb",
                          }
                        }
                      />
                    </div>
                    <div
                      className="Skeleton__user__wrap "
                      style={
                        Object {
                          "marginTop": "20px",
                        }
                      }
                    >
                      <span
                        className="Skeleton__user "
                      />
                      <div
                        className="Skeleton__text Skeleton__user__name"
                        style={undefined}
                      >
                        <div
                          className="Skeleton__text__line"
                          style={
                            Object {
                              "backgroundColor": "#e9eaeb",
                            }
                          }
                        />
                      </div>
                    </div>
                  </div>
                  <div
                    className="ListCard__skeleton pt1 mr1 ml1 "
                  >
                    <div
                      className="ListCard__skeleton__cover"
                    />
                    <div
                      className="Skeleton__text "
                      style={undefined}
                    >
                      <div
                        className="Skeleton__text__line"
                        style={
                          Object {
                            "backgroundColor": "#e9eaeb",
                          }
                        }
                      />
                      <div
                        className="Skeleton__text__line"
                        style={
                          Object {
                            "backgroundColor": "#e9eaeb",
                          }
                        }
                      />
                      <div
                        className="Skeleton__text__line"
                        style={
                          Object {
                            "backgroundColor": "#e9eaeb",
                          }
                        }
                      />
                    </div>
                    <div
                      className="Skeleton__user__wrap "
                      style={
                        Object {
                          "marginTop": "20px",
                        }
                      }
                    >
                      <span
                        className="Skeleton__user "
                      />
                      <div
                        className="Skeleton__text Skeleton__user__name"
                        style={undefined}
                      >
                        <div
                          className="Skeleton__text__line"
                          style={
                            Object {
                              "backgroundColor": "#e9eaeb",
                            }
                          }
                        />
                      </div>
                    </div>
                  </div>
                  <div
                    className="ListCard__skeleton pt1 mr1 ml1 "
                  >
                    <div
                      className="ListCard__skeleton__cover"
                    />
                    <div
                      className="Skeleton__text "
                      style={undefined}
                    >
                      <div
                        className="Skeleton__text__line"
                        style={
                          Object {
                            "backgroundColor": "#e9eaeb",
                          }
                        }
                      />
                      <div
                        className="Skeleton__text__line"
                        style={
                          Object {
                            "backgroundColor": "#e9eaeb",
                          }
                        }
                      />
                      <div
                        className="Skeleton__text__line"
                        style={
                          Object {
                            "backgroundColor": "#e9eaeb",
                          }
                        }
                      />
                    </div>
                    <div
                      className="Skeleton__user__wrap "
                      style={
                        Object {
                          "marginTop": "20px",
                        }
                      }
                    >
                      <span
                        className="Skeleton__user "
                      />
                      <div
                        className="Skeleton__text Skeleton__user__name"
                        style={undefined}
                      >
                        <div
                          className="Skeleton__text__line"
                          style={
                            Object {
                              "backgroundColor": "#e9eaeb",
                            }
                          }
                        />
                      </div>
                    </div>
                  </div>
                  <div
                    className="ListCard__skeleton pt1 mr1 ml1 "
                  >
                    <div
                      className="ListCard__skeleton__cover"
                    />
                    <div
                      className="Skeleton__text "
                      style={undefined}
                    >
                      <div
                        className="Skeleton__text__line"
                        style={
                          Object {
                            "backgroundColor": "#e9eaeb",
                          }
                        }
                      />
                      <div
                        className="Skeleton__text__line"
                        style={
                          Object {
                            "backgroundColor": "#e9eaeb",
                          }
                        }
                      />
                      <div
                        className="Skeleton__text__line"
                        style={
                          Object {
                            "backgroundColor": "#e9eaeb",
                          }
                        }
                      />
                    </div>
                    <div
                      className="Skeleton__user__wrap "
                      style={
                        Object {
                          "marginTop": "20px",
                        }
                      }
                    >
                      <span
                        className="Skeleton__user "
                      />
                      <div
                        className="Skeleton__text Skeleton__user__name"
                        style={undefined}
                      >
                        <div
                          className="Skeleton__text__line"
                          style={
                            Object {
                              "backgroundColor": "#e9eaeb",
                            }
                          }
                        />
                      </div>
                    </div>
                  </div>
                  <div
                    className="ListCard__skeleton pt1 mr1 ml1 "
                  >
                    <div
                      className="ListCard__skeleton__cover"
                    />
                    <div
                      className="Skeleton__text "
                      style={undefined}
                    >
                      <div
                        className="Skeleton__text__line"
                        style={
                          Object {
                            "backgroundColor": "#e9eaeb",
                          }
                        }
                      />
                      <div
                        className="Skeleton__text__line"
                        style={
                          Object {
                            "backgroundColor": "#e9eaeb",
                          }
                        }
                      />
                      <div
                        className="Skeleton__text__line"
                        style={
                          Object {
                            "backgroundColor": "#e9eaeb",
                          }
                        }
                      />
                    </div>
                    <div
                      className="Skeleton__user__wrap "
                      style={
                        Object {
                          "marginTop": "20px",
                        }
                      }
                    >
                      <span
                        className="Skeleton__user "
                      />
                      <div
                        className="Skeleton__text Skeleton__user__name"
                        style={undefined}
                      >
                        <div
                          className="Skeleton__text__line"
                          style={
                            Object {
                              "backgroundColor": "#e9eaeb",
                            }
                          }
                        />
                      </div>
                    </div>
                  </div>
                  <div
                    className="ListCard__skeleton pt1 mr1 ml1 "
                  >
                    <div
                      className="ListCard__skeleton__cover"
                    />
                    <div
                      className="Skeleton__text "
                      style={undefined}
                    >
                      <div
                        className="Skeleton__text__line"
                        style={
                          Object {
                            "backgroundColor": "#e9eaeb",
                          }
                        }
                      />
                      <div
                        className="Skeleton__text__line"
                        style={
                          Object {
                            "backgroundColor": "#e9eaeb",
                          }
                        }
                      />
                      <div
                        className="Skeleton__text__line"
                        style={
                          Object {
                            "backgroundColor": "#e9eaeb",
                          }
                        }
                      />
                    </div>
                    <div
                      className="Skeleton__user__wrap "
                      style={
                        Object {
                          "marginTop": "20px",
                        }
                      }
                    >
                      <span
                        className="Skeleton__user "
                      />
                      <div
                        className="Skeleton__text Skeleton__user__name"
                        style={undefined}
                      >
                        <div
                          className="Skeleton__text__line"
                          style={
                            Object {
                              "backgroundColor": "#e9eaeb",
                            }
                          }
                        />
                      </div>
                    </div>
                  </div>
                  <div
                    className="ListCard__skeleton pt1 mr1 ml1 "
                  >
                    <div
                      className="ListCard__skeleton__cover"
                    />
                    <div
                      className="Skeleton__text "
                      style={undefined}
                    >
                      <div
                        className="Skeleton__text__line"
                        style={
                          Object {
                            "backgroundColor": "#e9eaeb",
                          }
                        }
                      />
                      <div
                        className="Skeleton__text__line"
                        style={
                          Object {
                            "backgroundColor": "#e9eaeb",
                          }
                        }
                      />
                      <div
                        className="Skeleton__text__line"
                        style={
                          Object {
                            "backgroundColor": "#e9eaeb",
                          }
                        }
                      />
                    </div>
                    <div
                      className="Skeleton__user__wrap "
                      style={
                        Object {
                          "marginTop": "20px",
                        }
                      }
                    >
                      <span
                        className="Skeleton__user "
                      />
                      <div
                        className="Skeleton__text Skeleton__user__name"
                        style={undefined}
                      >
                        <div
                          className="Skeleton__text__line"
                          style={
                            Object {
                              "backgroundColor": "#e9eaeb",
                            }
                          }
                        />
                      </div>
                    </div>
                  </div>
                  <div
                    className="ListCard__skeleton pt1 mr1 ml1 "
                  >
                    <div
                      className="ListCard__skeleton__cover"
                    />
                    <div
                      className="Skeleton__text "
                      style={undefined}
                    >
                      <div
                        className="Skeleton__text__line"
                        style={
                          Object {
                            "backgroundColor": "#e9eaeb",
                          }
                        }
                      />
                      <div
                        className="Skeleton__text__line"
                        style={
                          Object {
                            "backgroundColor": "#e9eaeb",
                          }
                        }
                      />
                      <div
                        className="Skeleton__text__line"
                        style={
                          Object {
                            "backgroundColor": "#e9eaeb",
                          }
                        }
                      />
                    </div>
                    <div
                      className="Skeleton__user__wrap "
                      style={
                        Object {
                          "marginTop": "20px",
                        }
                      }
                    >
                      <span
                        className="Skeleton__user "
                      />
                      <div
                        className="Skeleton__text Skeleton__user__name"
                        style={undefined}
                      >
                        <div
                          className="Skeleton__text__line"
                          style={
                            Object {
                              "backgroundColor": "#e9eaeb",
                            }
                          }
                        />
                      </div>
                    </div>
                  </div>
                  <div
                    className="ListCard__skeleton pt1 mr1 ml1 "
                  >
                    <div
                      className="ListCard__skeleton__cover"
                    />
                    <div
                      className="Skeleton__text "
                      style={undefined}
                    >
                      <div
                        className="Skeleton__text__line"
                        style={
                          Object {
                            "backgroundColor": "#e9eaeb",
                          }
                        }
                      />
                      <div
                        className="Skeleton__text__line"
                        style={
                          Object {
                            "backgroundColor": "#e9eaeb",
                          }
                        }
                      />
                      <div
                        className="Skeleton__text__line"
                        style={
                          Object {
                            "backgroundColor": "#e9eaeb",
                          }
                        }
                      />
                    </div>
                    <div
                      className="Skeleton__user__wrap "
                      style={
                        Object {
                          "marginTop": "20px",
                        }
                      }
                    >
                      <span
                        className="Skeleton__user "
                      />
                      <div
                        className="Skeleton__text Skeleton__user__name"
                        style={undefined}
                      >
                        <div
                          className="Skeleton__text__line"
                          style={
                            Object {
                              "backgroundColor": "#e9eaeb",
                            }
                          }
                        />
                      </div>
                    </div>
                  </div>
                  <div
                    className="ListCard__skeleton pt1 mr1 ml1 "
                  >
                    <div
                      className="ListCard__skeleton__cover"
                    />
                    <div
                      className="Skeleton__text "
                      style={undefined}
                    >
                      <div
                        className="Skeleton__text__line"
                        style={
                          Object {
                            "backgroundColor": "#e9eaeb",
                          }
                        }
                      />
                      <div
                        className="Skeleton__text__line"
                        style={
                          Object {
                            "backgroundColor": "#e9eaeb",
                          }
                        }
                      />
                      <div
                        className="Skeleton__text__line"
                        style={
                          Object {
                            "backgroundColor": "#e9eaeb",
                          }
                        }
                      />
                    </div>
                    <div
                      className="Skeleton__user__wrap "
                      style={
                        Object {
                          "marginTop": "20px",
                        }
                      }
                    >
                      <span
                        className="Skeleton__user "
                      />
                      <div
                        className="Skeleton__text Skeleton__user__name"
                        style={undefined}
                      >
                        <div
                          className="Skeleton__text__line"
                          style={
                            Object {
                              "backgroundColor": "#e9eaeb",
                            }
                          }
                        />
                      </div>
                    </div>
                  </div>
                  <div
                    className="ListCard__skeleton pt1 mr1 ml1 "
                  >
                    <div
                      className="ListCard__skeleton__cover"
                    />
                    <div
                      className="Skeleton__text "
                      style={undefined}
                    >
                      <div
                        className="Skeleton__text__line"
                        style={
                          Object {
                            "backgroundColor": "#e9eaeb",
                          }
                        }
                      />
                      <div
                        className="Skeleton__text__line"
                        style={
                          Object {
                            "backgroundColor": "#e9eaeb",
                          }
                        }
                      />
                      <div
                        className="Skeleton__text__line"
                        style={
                          Object {
                            "backgroundColor": "#e9eaeb",
                          }
                        }
                      />
                    </div>
                    <div
                      className="Skeleton__user__wrap "
                      style={
                        Object {
                          "marginTop": "20px",
                        }
                      }
                    >
                      <span
                        className="Skeleton__user "
                      />
                      <div
                        className="Skeleton__text Skeleton__user__name"
                        style={undefined}
                      >
                        <div
                          className="Skeleton__text__line"
                          style={
                            Object {
                              "backgroundColor": "#e9eaeb",
                            }
                          }
                        />
                      </div>
                    </div>
                  </div>
                  <div
                    className="ListCard__skeleton pt1 mr1 ml1 "
                  >
                    <div
                      className="ListCard__skeleton__cover"
                    />
                    <div
                      className="Skeleton__text "
                      style={undefined}
                    >
                      <div
                        className="Skeleton__text__line"
                        style={
                          Object {
                            "backgroundColor": "#e9eaeb",
                          }
                        }
                      />
                      <div
                        className="Skeleton__text__line"
                        style={
                          Object {
                            "backgroundColor": "#e9eaeb",
                          }
                        }
                      />
                      <div
                        className="Skeleton__text__line"
                        style={
                          Object {
                            "backgroundColor": "#e9eaeb",
                          }
                        }
                      />
                    </div>
                    <div
                      className="Skeleton__user__wrap "
                      style={
                        Object {
                          "marginTop": "20px",
                        }
                      }
                    >
                      <span
                        className="Skeleton__user "
                      />
                      <div
                        className="Skeleton__text Skeleton__user__name"
                        style={undefined}
                      >
                        <div
                          className="Skeleton__text__line"
                          style={
                            Object {
                              "backgroundColor": "#e9eaeb",
                            }
                          }
                        />
                      </div>
                    </div>
                  </div>
                  <div
                    className="ListCard__skeleton pt1 mr1 ml1 "
                  >
                    <div
                      className="ListCard__skeleton__cover"
                    />
                    <div
                      className="Skeleton__text "
                      style={undefined}
                    >
                      <div
                        className="Skeleton__text__line"
                        style={
                          Object {
                            "backgroundColor": "#e9eaeb",
                          }
                        }
                      />
                      <div
                        className="Skeleton__text__line"
                        style={
                          Object {
                            "backgroundColor": "#e9eaeb",
                          }
                        }
                      />
                      <div
                        className="Skeleton__text__line"
                        style={
                          Object {
                            "backgroundColor": "#e9eaeb",
                          }
                        }
                      />
                    </div>
                    <div
                      className="Skeleton__user__wrap "
                      style={
                        Object {
                          "marginTop": "20px",
                        }
                      }
                    >
                      <span
                        className="Skeleton__user "
                      />
                      <div
                        className="Skeleton__text Skeleton__user__name"
                        style={undefined}
                      >
                        <div
                          className="Skeleton__text__line"
                          style={
                            Object {
                              "backgroundColor": "#e9eaeb",
                            }
                          }
                        />
                      </div>
                    </div>
                  </div>
                  <div
                    className="ListCard__skeleton pt1 mr1 ml1 "
                  >
                    <div
                      className="ListCard__skeleton__cover"
                    />
                    <div
                      className="Skeleton__text "
                      style={undefined}
                    >
                      <div
                        className="Skeleton__text__line"
                        style={
                          Object {
                            "backgroundColor": "#e9eaeb",
                          }
                        }
                      />
                      <div
                        className="Skeleton__text__line"
                        style={
                          Object {
                            "backgroundColor": "#e9eaeb",
                          }
                        }
                      />
                      <div
                        className="Skeleton__text__line"
                        style={
                          Object {
                            "backgroundColor": "#e9eaeb",
                          }
                        }
                      />
                    </div>
                    <div
                      className="Skeleton__user__wrap "
                      style={
                        Object {
                          "marginTop": "20px",
                        }
                      }
                    >
                      <span
                        className="Skeleton__user "
                      />
                      <div
                        className="Skeleton__text Skeleton__user__name"
                        style={undefined}
                      >
                        <div
                          className="Skeleton__text__line"
                          style={
                            Object {
                              "backgroundColor": "#e9eaeb",
                            }
                          }
                        />
                      </div>
                    </div>
                  </div>
                </slider>
              </div>
            </div>
          </div>
        </react-visibility-sensor>
      </div>
    </div>
  </div>
  <span />
  <div
    className="Toastify"
  />
  <div
    className="feedback-container"
  >
    <button
      className="Button__feedback
          btn Button Button__medium Button__secondary "
      data-cy=""
      disabled={false}
      onClick={[Function]}
    >
      <i
        className="material-icons material-icons-chat_bubble_outline icon__feedback md-small"
      >
        chat_bubble_outline
      </i>
      <span />
    </button>
  </div>
  <div
    className="Footer__container--spacer"
    style={
      Object {
        "height": "0px",
      }
    }
  />
  <div
    className="row Footer__outer-container--flexbox"
  >
    <div
      className="row Footer__container--elements"
    >
      <div
        className="Footer__logo--element"
      >
        <img
          className="Footer__logo--image"
          src="LaesekompasLogo.svg"
        />
      </div>
      <div
        className="col Footer__element--block"
      >
        <p
          className="mt1 Text Text__body "
        >
          Læsekompasset hjælper dig med at opdage bøger, der passer dig, og inspirerer dig til nye læseoplevelser.
          <br />
          <a
            className="list-card-nohover"
            data-cy=""
            href="/om"
            onClick={[Function]}
          >
            Læs mere
          </a>
        </p>
      </div>
      <div
        className="col Footer__element--block"
      >
        <p
          className="mt1 Text Text__body "
        >
          Siden er i øjeblikket i beta-version, hvilket betyder, at den stadig er under udvikling og at du kan opleve ting, der ikke fungerer optimalt endnu.
        </p>
      </div>
      <div
        className="col Footer__element--block"
      >
        <p
          className="mt1 Text Text__body "
        >
          Problemer med teknikken?
          <br />
          <a
            href="https://kundeservice.dbc.dk"
            target="_blank"
          >
            Skriv til DBCs kundeservice
          </a>
          <br />
          <br />
          Spørgsmål om Læsekompasset?
          <br />
          <a
            href="mailto:laesekompasset@dbc.dk"
          >
            Skriv til projektledelsen
          </a>
        </p>
      </div>
      <div
        className="col Footer__element--block"
      >
        <p
          className="mt1 Text Text__body "
        >
          DBC a/s
          <br />
          Tempovej 7-11
          <br />
          2750 Ballerup
        </p>
      </div>
    </div>
  </div>
</div>
`;
