// Jest Snapshot v1, https://goo.gl/fbAQLP

exports[`SearchPage render function displays search results 1`] = `
<div
  className="col-xs-11 col-centered text-left"
>
  <form
    className="input-group"
    onSubmit={[Function]}
    style={
      Object {
        "marginBottom": 30,
        "marginTop": 40,
      }
    }
  >
    <input
      className="form-control"
      placeholder="Søg titel/forfatter"
    />
    <span
      className="input-group-btn"
    >
      <button
        className="btn btn-default"
        onClick={[Function]}
        type="button"
      >
        🔍
      </button>
    </span>
  </form>
  <div>
    <p>
      Søgning efter "
      søgeforespørgsel
      " returnerede 
      1
       
      resultater.
    </p>
    <ul>
      <li>
        Titel
         - 
        Forfatter
      </li>
    </ul>
  </div>
</div>
`;

exports[`SearchPage render function gives a message, when no search results are present 1`] = `
<div
  className="col-xs-11 col-centered text-left"
>
  <form
    className="input-group"
    onSubmit={[Function]}
    style={
      Object {
        "marginBottom": 30,
        "marginTop": 40,
      }
    }
  >
    <input
      className="form-control"
      placeholder="Søg titel/forfatter"
    />
    <span
      className="input-group-btn"
    >
      <button
        className="btn btn-default"
        onClick={[Function]}
        type="button"
      >
        🔍
      </button>
    </span>
  </form>
  <div>
    <p>
      Søgning efter "
      søgeforespørgsel
      " returnerede 
      1
       
      resultater.
    </p>
    <ul>
      <li>
        Titel
         - 
        Forfatter
      </li>
    </ul>
  </div>
</div>
`;
