// Jest Snapshot v1, https://goo.gl/fbAQLP

exports[`Pulse renders initial component 1`] = `
<div
  className="pulse-toucharea pulse-active react-draggable"
  onClick={[Function]}
  onMouseDown={[Function]}
  onMouseUp={[Function]}
  onTouchEnd={[Function]}
  onTouchStart={[Function]}
  style={
    Object {
      "left": "26%",
      "position": "absolute",
      "top": "46%",
      "touchAction": "none",
      "transform": "translate(0px,0px)",
    }
  }
  transform={null}
>
  
  <div
    className="pulse delay"
    style={
      Object {
        "animationDelay": "2ms",
      }
    }
  />
</div>
`;
